2026-09-24 09:34:05,584 | INFO    | etl.pipeline  | ======================================================================
2026-09-24 09:34:05,588 | INFO    | etl.pipeline  | HR ANALYTICS ETL  | run_id=62183ba8a0ba | db=localhost:5434/hr_dwh
2026-09-24 09:34:05,590 | INFO    | etl.pipeline  | ======================================================================
2026-09-24 09:34:05,749 | INFO    | etl.pipeline  | [1/5] EXTRACT
2026-09-24 09:34:05,768 | INFO    | etl.extract   |   extract employees         876 baris, 17 kolom
2026-09-24 09:34:06,274 | INFO    | etl.extract   |   extract departments         8 baris,  5 kolom
2026-09-24 09:34:06,287 | INFO    | etl.extract   |   extract positions          40 baris,  8 kolom
2026-09-24 09:34:06,291 | INFO    | etl.extract   |   extract locations           6 baris,  5 kolom
2026-09-24 09:34:06,763 | INFO    | etl.extract   |   extract attendance     386131 baris,  6 kolom
2026-09-24 09:34:06,880 | INFO    | etl.extract   |   extract payroll         19024 baris, 15 kolom
2026-09-24 09:34:06,906 | INFO    | etl.extract   |   extract performance      1827 baris,  9 kolom
2026-09-24 09:34:06,914 | INFO    | etl.extract   |   extract engagement       1273 baris, 10 kolom
2026-09-24 09:34:07,074 | INFO    | etl.extract   |   training: header JSON total_records=4584
2026-09-24 09:34:07,176 | INFO    | etl.extract   |   extract training         4584 baris, 13 kolom
2026-09-24 09:34:07,339 | INFO    | etl.extract   |   extract recruitment       477 baris, 15 kolom
2026-09-24 09:34:07,342 | INFO    | etl.extract   |   extract kpi_targets        36 baris,  6 kolom
2026-09-24 09:34:07,359 | INFO    | etl.extract   |   extract holidays           53 baris,  1 kolom
2026-09-24 09:34:30,173 | INFO    | etl.extract   |   12 tabel staging tersimpan
2026-09-24 09:34:30,174 | INFO    | etl.pipeline  | [2/5] TRANSFORM
2026-09-24 09:34:30,326 | INFO    | etl.transform |   employees: 12 duplikat dihapus
2026-09-24 09:34:30,332 | INFO    | etl.transform |   employees: 6 tanggal lahir tidak valid -> NULL + dq_flag
2026-09-24 09:34:30,776 | INFO    | etl.transform |   payroll: 57 duplikat payroll_id dihapus
2026-09-24 09:34:30,794 | INFO    | etl.transform |   payroll: 190 allowance kosong diturunkan dari gross_pay
2026-09-24 09:34:37,176 | INFO    | etl.transform |   attendance: 1537 duplikat (employee_id + tanggal) dihapus
2026-09-24 09:34:37,301 | WARNING | etl.transform |   [REJECT] attendance   ORPHAN_EMPLOYEE_ID                     300 baris
2026-09-24 09:34:37,396 | INFO    | etl.transform |   attendance: 715 check-in/out tertukar diperbaiki
2026-09-24 09:34:37,401 | INFO    | etl.transform |   attendance: 192 lembur negatif di-set 0
2026-09-24 09:34:39,664 | WARNING | etl.transform |   [REJECT] performance  MISSING_RATING                           9 baris
2026-09-24 09:34:39,706 | INFO    | etl.transform |   engagement: 13 skor eNPS di luar 0-10 -> NULL
2026-09-24 09:34:40,027 | INFO    | etl.transform |   transform dim_date                     1826 baris
2026-09-24 09:34:40,027 | INFO    | etl.transform |   transform dim_department                  9 baris
2026-09-24 09:34:40,027 | INFO    | etl.transform |   transform dim_position                   41 baris
2026-09-24 09:34:40,028 | INFO    | etl.transform |   transform dim_location                    7 baris
2026-09-24 09:34:40,028 | INFO    | etl.transform |   transform dim_employee                  864 baris
2026-09-24 09:34:40,028 | INFO    | etl.transform |   transform dim_course                     19 baris
2026-09-24 09:34:40,029 | INFO    | etl.transform |   transform fact_payroll                18967 baris
2026-09-24 09:34:40,029 | INFO    | etl.transform |   transform fact_attendance            384294 baris
2026-09-24 09:34:40,029 | INFO    | etl.transform |   transform fact_performance             1818 baris
2026-09-24 09:34:40,030 | INFO    | etl.transform |   transform fact_engagement              1273 baris
2026-09-24 09:34:40,030 | INFO    | etl.transform |   transform fact_training                4584 baris
2026-09-24 09:34:40,030 | INFO    | etl.transform |   transform fact_recruitment              477 baris
2026-09-24 09:34:40,031 | INFO    | etl.transform |   transform fact_headcount_monthly      19160 baris
2026-09-24 09:34:40,031 | INFO    | etl.transform |   transform fact_employee_movement        692 baris
2026-09-24 09:34:40,031 | INFO    | etl.transform |   transform kpi_target                     36 baris
2026-09-24 09:34:40,033 | INFO    | etl.pipeline  | [3/5] DATA QUALITY GATE
2026-09-24 09:34:40,033 | INFO    | etl.dq        |   [PASS] NOT_EMPTY                    dim_date                 gagal=0/1 
2026-09-24 09:34:40,034 | INFO    | etl.dq        |   [PASS] NOT_EMPTY                    dim_department           gagal=0/1 
2026-09-24 09:34:40,035 | INFO    | etl.dq        |   [PASS] NOT_EMPTY                    dim_position             gagal=0/1 
2026-09-24 09:34:40,035 | INFO    | etl.dq        |   [PASS] NOT_EMPTY                    dim_location             gagal=0/1 
2026-09-24 09:34:40,036 | INFO    | etl.dq        |   [PASS] NOT_EMPTY                    dim_employee             gagal=0/1 
2026-09-24 09:34:40,036 | INFO    | etl.dq        |   [PASS] NOT_EMPTY                    dim_course               gagal=0/1 
2026-09-24 09:34:40,037 | INFO    | etl.dq        |   [PASS] NOT_EMPTY                    fact_payroll             gagal=0/1 
2026-09-24 09:34:40,038 | INFO    | etl.dq        |   [PASS] NOT_EMPTY                    fact_attendance          gagal=0/1 
2026-09-24 09:34:40,038 | INFO    | etl.dq        |   [PASS] NOT_EMPTY                    fact_performance         gagal=0/1 
2026-09-24 09:34:40,039 | INFO    | etl.dq        |   [PASS] NOT_EMPTY                    fact_engagement          gagal=0/1 
2026-09-24 09:34:40,039 | INFO    | etl.dq        |   [PASS] NOT_EMPTY                    fact_training            gagal=0/1 
2026-09-24 09:34:40,040 | INFO    | etl.dq        |   [PASS] NOT_EMPTY                    fact_recruitment         gagal=0/1 
2026-09-24 09:34:40,042 | INFO    | etl.dq        |   [PASS] NOT_EMPTY                    fact_headcount_monthly   gagal=0/1 
2026-09-24 09:34:40,043 | INFO    | etl.dq        |   [PASS] NOT_EMPTY                    fact_employee_movement   gagal=0/1 
2026-09-24 09:34:40,044 | INFO    | etl.dq        |   [PASS] NOT_EMPTY                    kpi_target               gagal=0/1 
2026-09-24 09:34:40,047 | INFO    | etl.dq        |   [PASS] UNIQUE(date_key)             dim_date                 gagal=0/1826 
2026-09-24 09:34:40,048 | INFO    | etl.dq        |   [PASS] UNIQUE(department_key)       dim_department           gagal=0/9 
2026-09-24 09:34:40,050 | INFO    | etl.dq        |   [PASS] UNIQUE(position_key)         dim_position             gagal=0/41 
2026-09-24 09:34:40,051 | INFO    | etl.dq        |   [PASS] UNIQUE(location_key)         dim_location             gagal=0/7 
2026-09-24 09:34:40,052 | INFO    | etl.dq        |   [PASS] UNIQUE(employee_key)         dim_employee             gagal=0/864 
2026-09-24 09:34:40,053 | INFO    | etl.dq        |   [PASS] UNIQUE(course_key)           dim_course               gagal=0/19 
2026-09-24 09:34:40,056 | INFO    | etl.dq        |   [PASS] UNIQUE(date_key,employee_key) fact_headcount_monthly   gagal=0/19160 
2026-09-24 09:34:40,057 | INFO    | etl.dq        |   [PASS] UNIQUE(movement_key)         fact_employee_movement   gagal=0/692 
2026-09-24 09:34:40,070 | INFO    | etl.dq        |   [PASS] UNIQUE(attendance_key)       fact_attendance          gagal=0/384294 
2026-09-24 09:34:40,071 | INFO    | etl.dq        |   [PASS] UNIQUE(payroll_key)          fact_payroll             gagal=0/18967 
2026-09-24 09:34:40,072 | INFO    | etl.dq        |   [PASS] UNIQUE(performance_key)      fact_performance         gagal=0/1818 
2026-09-24 09:34:40,073 | INFO    | etl.dq        |   [PASS] UNIQUE(engagement_key)       fact_engagement          gagal=0/1273 
2026-09-24 09:34:40,074 | INFO    | etl.dq        |   [PASS] UNIQUE(training_key)         fact_training            gagal=0/4584 
2026-09-24 09:34:40,075 | INFO    | etl.dq        |   [PASS] UNIQUE(requisition_key)      fact_recruitment         gagal=0/477 
2026-09-24 09:34:40,077 | INFO    | etl.dq        |   [PASS] UNIQUE(kpi_code,year)        kpi_target               gagal=0/36 
2026-09-24 09:34:40,078 | INFO    | etl.dq        |   [PASS] UNIQUE(employee_id)          dim_employee             gagal=0/864 
2026-09-24 09:34:40,143 | INFO    | etl.dq        |   [PASS] UNIQUE(employee_key,date_key) fact_attendance          gagal=0/384294 
2026-09-24 09:34:40,147 | INFO    | etl.dq        |   [PASS] UNIQUE(employee_key,date_key) fact_payroll             gagal=0/18967 
2026-09-24 09:34:40,149 | INFO    | etl.dq        |   [PASS] UNIQUE(employee_key,review_year) fact_performance         gagal=0/1818 
2026-09-24 09:34:40,151 | INFO    | etl.dq        |   [PASS] FK(date_key->dim_date)       fact_headcount_monthly   gagal=0/19160 
2026-09-24 09:34:40,152 | INFO    | etl.dq        |   [PASS] FK(employee_key->dim_employee) fact_headcount_monthly   gagal=0/19160 
2026-09-24 09:34:40,154 | INFO    | etl.dq        |   [PASS] FK(department_key->dim_department) fact_headcount_monthly   gagal=0/19160 
2026-09-24 09:34:40,157 | INFO    | etl.dq        |   [PASS] FK(date_key->dim_date)       fact_employee_movement   gagal=0/692 
2026-09-24 09:34:40,161 | INFO    | etl.dq        |   [PASS] FK(employee_key->dim_employee) fact_employee_movement   gagal=0/692 
2026-09-24 09:34:40,162 | INFO    | etl.dq        |   [PASS] FK(department_key->dim_department) fact_employee_movement   gagal=0/692 
2026-09-24 09:34:40,171 | INFO    | etl.dq        |   [PASS] FK(date_key->dim_date)       fact_attendance          gagal=0/384294 
2026-09-24 09:34:40,177 | INFO    | etl.dq        |   [PASS] FK(employee_key->dim_employee) fact_attendance          gagal=0/384294 
2026-09-24 09:34:40,184 | INFO    | etl.dq        |   [PASS] FK(department_key->dim_department) fact_attendance          gagal=0/384294 
2026-09-24 09:34:40,187 | INFO    | etl.dq        |   [PASS] FK(date_key->dim_date)       fact_payroll             gagal=0/18967 
2026-09-24 09:34:40,188 | INFO    | etl.dq        |   [PASS] FK(employee_key->dim_employee) fact_payroll             gagal=0/18967 
2026-09-24 09:34:40,189 | INFO    | etl.dq        |   [PASS] FK(department_key->dim_department) fact_payroll             gagal=0/18967 
2026-09-24 09:34:40,191 | INFO    | etl.dq        |   [PASS] FK(date_key->dim_date)       fact_performance         gagal=0/1818 
2026-09-24 09:34:40,192 | INFO    | etl.dq        |   [PASS] FK(employee_key->dim_employee) fact_performance         gagal=0/1818 
2026-09-24 09:34:40,193 | INFO    | etl.dq        |   [PASS] FK(department_key->dim_department) fact_performance         gagal=0/1818 
2026-09-24 09:34:40,195 | INFO    | etl.dq        |   [PASS] FK(date_key->dim_date)       fact_engagement          gagal=0/1273 
2026-09-24 09:34:40,197 | INFO    | etl.dq        |   [PASS] FK(employee_key->dim_employee) fact_engagement          gagal=0/1273 
2026-09-24 09:34:40,198 | INFO    | etl.dq        |   [PASS] FK(department_key->dim_department) fact_engagement          gagal=0/1273 
2026-09-24 09:34:40,203 | INFO    | etl.dq        |   [PASS] FK(date_key->dim_date)       fact_training            gagal=0/4584 
2026-09-24 09:34:40,204 | INFO    | etl.dq        |   [PASS] FK(employee_key->dim_employee) fact_training            gagal=0/4584 
2026-09-24 09:34:40,205 | INFO    | etl.dq        |   [PASS] FK(department_key->dim_department) fact_training            gagal=0/4584 
2026-09-24 09:34:40,206 | INFO    | etl.dq        |   [PASS] FK(open_date_key->dim_date)  fact_recruitment         gagal=0/477 
2026-09-24 09:34:40,209 | INFO    | etl.dq        |   [PASS] FK(filled_date_key->dim_date) fact_recruitment         gagal=0/477 
2026-09-24 09:34:40,210 | INFO    | etl.dq        |   [PASS] FK(course_key->dim_course)   fact_training            gagal=0/4584 
2026-09-24 09:34:40,211 | INFO    | etl.dq        |   [PASS] NOT_NULL(hire_date)          dim_employee             gagal=0/864 
2026-09-24 09:34:40,213 | WARNING | etl.dq        |   [WARN] NOT_NULL(birth_date)         dim_employee             gagal=6/864 
2026-09-24 09:34:40,214 | WARNING | etl.dq        |   [WARN] NOT_NULL(email)              dim_employee             gagal=27/864 
2026-09-24 09:34:40,214 | INFO    | etl.dq        |   [PASS] UNKNOWN_DEPARTMENT           dim_employee             gagal=0/864 
2026-09-24 09:34:40,216 | INFO    | etl.dq        |   [PASS] UNKNOWN_LOCATION             dim_employee             gagal=0/864 
2026-09-24 09:34:40,221 | INFO    | etl.dq        |   [PASS] TERM_BEFORE_HIRE             dim_employee             gagal=0/864 
2026-09-24 09:34:40,222 | INFO    | etl.dq        |   [PASS] RANGE(age 17..70)            dim_employee             gagal=0/858 
2026-09-24 09:34:40,223 | INFO    | etl.dq        |   [PASS] RANGE(rating 1..5)           fact_performance         gagal=0/1818 
2026-09-24 09:34:40,224 | INFO    | etl.dq        |   [PASS] RANGE(enps_score 0..10)      fact_engagement          gagal=0/1260 
2026-09-24 09:34:40,227 | INFO    | etl.dq        |   [PASS] RANGE(overtime_hours 0..8)   fact_attendance          gagal=0/384294 
2026-09-24 09:34:40,232 | INFO    | etl.dq        |   [PASS] RANGE(work_hours 0..16)      fact_attendance          gagal=0/384294 
2026-09-24 09:34:40,236 | INFO    | etl.dq        |   [PASS] RECON(gross=komponen)        fact_payroll             gagal=0/18967 toleransi pembulatan Rp5
2026-09-24 09:34:40,237 | INFO    | etl.dq        |   [PASS] RECON(net=gross-potongan)    fact_payroll             gagal=0/18967 
2026-09-24 09:34:40,238 | WARNING | etl.dq        |   [WARN] RANGE(base_salary 1000000..100000000) fact_payroll             gagal=38/18967 
2026-09-24 09:34:40,239 | INFO    | etl.dq        |   [PASS] FILLED_WITHOUT_DATE          fact_recruitment         gagal=0/477 
2026-09-24 09:34:40,240 | INFO    | etl.dq        |   [PASS] OFFERS_ACCEPTED>OFFERS       fact_recruitment         gagal=0/477 
2026-09-24 09:34:40,245 | INFO    | etl.dq        |   [PASS] RECON(headcount=active)      fact_headcount_monthly   gagal=0/1 snapshot=576, active=576
2026-09-24 09:34:40,410 | INFO    | etl.pipeline  |   75 cek: 72 PASS, 3 WARN, 0 FAIL | 309 baris ditolak
2026-09-24 09:34:40,411 | INFO    | etl.pipeline  | [4/5] LOAD
2026-09-24 09:34:40,986 | INFO    | etl.load      |   skema dibuat ulang dari sql/schema.sql
2026-09-24 09:34:41,510 | INFO    | etl.load      |   load dim_date                     1826 baris
2026-09-24 09:34:41,561 | INFO    | etl.load      |   load dim_department                  9 baris
2026-09-24 09:34:41,584 | INFO    | etl.load      |   load dim_position                   41 baris
2026-09-24 09:34:41,608 | INFO    | etl.load      |   load dim_location                    7 baris
2026-09-24 09:34:41,631 | INFO    | etl.load      |   load dim_course                     19 baris
2026-09-24 09:34:41,831 | INFO    | etl.load      |   load dim_employee                  864 baris
2026-09-24 09:34:46,121 | INFO    | etl.load      |   load fact_headcount_monthly      19160 baris
2026-09-24 09:34:46,986 | INFO    | etl.load      |   load fact_employee_movement        692 baris
2026-09-24 09:35:59,762 | INFO    | etl.load      |   load fact_attendance            384294 baris
2026-09-24 09:36:09,074 | INFO    | etl.load      |   load fact_payroll                18967 baris
2026-09-24 09:36:09,572 | INFO    | etl.load      |   load fact_performance             1818 baris
2026-09-24 09:36:09,752 | INFO    | etl.load      |   load fact_engagement              1273 baris
2026-09-24 09:36:10,974 | INFO    | etl.load      |   load fact_training                4584 baris
2026-09-24 09:36:11,289 | INFO    | etl.load      |   load fact_recruitment              477 baris
2026-09-24 09:36:11,338 | INFO    | etl.load      |   load kpi_target                     36 baris
2026-09-24 09:36:11,341 | INFO    | etl.load      |   salinan CSV ditulis ke D:\PROJECT DATA ENGINEERING FINAL\hr-analytics-bi\data\warehouse\csv
2026-09-24 09:36:11,342 | INFO    | etl.pipeline  | [5/5] VIEWS
2026-09-24 09:36:11,447 | INFO    | etl.load      |   view analitik dibuat dari sql/views.sql
2026-09-24 09:36:11,552 | INFO    | etl.pipeline  | SELESAI: SUCCESS dalam 125.8 detik | log: D:\PROJECT DATA ENGINEERING FINAL\hr-analytics-bi\logs\etl_20260924_093405.log
